[demo.broadleafcommerce.org/heatclinic/index.html]
[backblue.gif]
[fade.gif]
[index.html]
[demo.broadleafcommerce.org/heatclinic/css/jquery.rating.css]
[demo.broadleafcommerce.org/heatclinic/css/style.css]
[demo.broadleafcommerce.org/heatclinic/js/libs/modernizr-2.5.3.min.js;jsessionid=B44F635F1F625642A615B130B7E887D9]
[demo.broadleafcommerce.org/heatclinic/cart;jsessionid=B44F635F1F625642A615B130B7E887D9.html]
[demo.broadleafcommerce.org/heatclinic/img/shopping_cart.png]
[demo.broadleafcommerce.org/heatclinic/;jsessionid=B44F635F1F625642A615B130B7E887D9.html]
[demo.broadleafcommerce.org/heatclinic/hot-sauces;jsessionid=B44F635F1F625642A615B130B7E887D9.html]
[demo.broadleafcommerce.org/heatclinic/merchandise;jsessionid=B44F635F1F625642A615B130B7E887D9.html]
[demo.broadleafcommerce.org/heatclinic/clearance;jsessionid=B44F635F1F625642A615B130B7E887D9.html]
[demo.broadleafcommerce.org/heatclinic/new-to-hot-sauce;jsessionid=B44F635F1F625642A615B130B7E887D9.html]
[demo.broadleafcommerce.org/heatclinic/faq;jsessionid=B44F635F1F625642A615B130B7E887D9.html]
[demo.broadleafcommerce.org/heatclinic/img/banners/shirt-special.jpg]
[demo.broadleafcommerce.org/heatclinic/hot-sauces/hoppin_hot_sauce;jsessionid=B44F635F1F625642A615B130B7E887D9.html]
[demo.broadleafcommerce.org/heatclinic/img/sauces/Hoppin-Hot-Sauce-Bottle.jpg]
[demo.broadleafcommerce.org/heatclinic/hot-sauces/day_of_the_dead_scotch_bonnet_sauce;jsessionid=B44F635F1F625642A615B130B7E887D9.html]
[demo.broadleafcommerce.org/heatclinic/img/sauces/Day-of-the-Dead-Scotch-Bonnet-Hot-Sauce-Bottle.jpg]
[demo.broadleafcommerce.org/heatclinic/hot-sauces/armageddon_hot_sauce_to_end_all;jsessionid=B44F635F1F625642A615B130B7E887D9.html]
[demo.broadleafcommerce.org/heatclinic/img/sauces/Armageddon-The-Hot-Sauce-To-End-All-Bottle.jpg]
[demo.broadleafcommerce.org/heatclinic/hot-sauces/cafe_louisiane_sweet_cajun_blackening_sauce;jsessionid=B44F635F1F625642A615B130B7E887D9.html]
[demo.broadleafcommerce.org/heatclinic/img/sauces/Cafe-Louisiane-Sweet-Cajun-Blackening-Sauce-Bottle.jpg]
[demo.broadleafcommerce.org/heatclinic/img/broadleaf-seal.png]
[demo.broadleafcommerce.org/heatclinic/js/plugins.js;jsessionid=B44F635F1F625642A615B130B7E887D9]
[demo.broadleafcommerce.org/heatclinic/js/libs/jquery.MetaData.js;jsessionid=B44F635F1F625642A615B130B7E887D9]
[ajax.googleapis.com/ajax/libs/jquery/1.7.2/jquery.min.js]
[demo.broadleafcommerce.org/heatclinic/js/libs/jquery.rating.pack.js;jsessionid=B44F635F1F625642A615B130B7E887D9]
[demo.broadleafcommerce.org/heatclinic/js/libs/jquery.dotdotdot-1.5.1.js;jsessionid=B44F635F1F625642A615B130B7E887D9]
[demo.broadleafcommerce.org/heatclinic/js/libs/jquery-1.7.2.min.js]
[demo.broadleafcommerce.org/heatclinic/js/BLC.js;jsessionid=B44F635F1F625642A615B130B7E887D9]
[demo.broadleafcommerce.org/heatclinic/js/heatClinic.js;jsessionid=B44F635F1F625642A615B130B7E887D9]
[demo.broadleafcommerce.org/heatclinic/js/cartOperations.js;jsessionid=B44F635F1F625642A615B130B7E887D9]
[demo.broadleafcommerce.org/heatclinic/js/checkoutOperations.js;jsessionid=B44F635F1F625642A615B130B7E887D9]
[demo.broadleafcommerce.org/heatclinic/js/globalOnReady.js;jsessionid=B44F635F1F625642A615B130B7E887D9]
[demo.broadleafcommerce.org/heatclinic/js/manageAccountOperations.js;jsessionid=B44F635F1F625642A615B130B7E887D9]
[demo.broadleafcommerce.org/heatclinic/js/reviewOperations.js;jsessionid=B44F635F1F625642A615B130B7E887D9]
[demo.broadleafcommerce.org/heatclinic/index.html]
[demo.broadleafcommerce.org/heatclinic/css/jquery.rating.css]
[demo.broadleafcommerce.org/heatclinic/img/the-heat-clinic-logo-internal.png]
[demo.broadleafcommerce.org/heatclinic/img/nav-divider.png]
[demo.broadleafcommerce.org/heatclinic/img/sidebarbg.jpg]
[demo.broadleafcommerce.org/heatclinic/img/badge-new.png]
[demo.broadleafcommerce.org/heatclinic/img/right_column_headerbg.jpg]
[demo.broadleafcommerce.org/heatclinic/img/fancybox_sprite.png]
[demo.broadleafcommerce.org/heatclinic/img/fancybox_loading.gif]
[demo.broadleafcommerce.org/heatclinic/img/blank.gif]
[demo.broadleafcommerce.org/heatclinic/img/glyphicons-halflings.png]
[demo.broadleafcommerce.org/heatclinic/img/glyphicons-halflings-white.png]
[demo.broadleafcommerce.org/heatclinic/css/style.css]
[demo.broadleafcommerce.org/heatclinic/css/jquery.rating-2.css]
[demo.broadleafcommerce.org/heatclinic/css/style-2.css]
[demo.broadleafcommerce.org/heatclinic/js/libs/modernizr-2.5.3.min.js]
[demo.broadleafcommerce.org/heatclinic/img/shopping_cart-2.png]
[demo.broadleafcommerce.org/heatclinic/cart.html]
[demo.broadleafcommerce.org/heatclinic/hot-sauces.html]
[demo.broadleafcommerce.org/heatclinic/merchandise.html]
[demo.broadleafcommerce.org/heatclinic/clearance.html]
[demo.broadleafcommerce.org/heatclinic/new-to-hot-sauce.html]
[demo.broadleafcommerce.org/heatclinic/faq.html]
[demo.broadleafcommerce.org/heatclinic/img/broadleaf-seal-2.png]
[demo.broadleafcommerce.org/heatclinic/js/plugins.js]
[demo.broadleafcommerce.org/heatclinic/js/libs/jquery.MetaData.js]
[demo.broadleafcommerce.org/heatclinic/js/libs/jquery.rating.pack.js]
[demo.broadleafcommerce.org/heatclinic/js/libs/jquery.dotdotdot-1.5.1.js]
[demo.broadleafcommerce.org/heatclinic/js/BLC.js]
[demo.broadleafcommerce.org/heatclinic/js/heatClinic.js]
[demo.broadleafcommerce.org/heatclinic/js/cartOperations.js]
[demo.broadleafcommerce.org/heatclinic/js/checkoutOperations.js]
[demo.broadleafcommerce.org/heatclinic/js/globalOnReady.js]
[demo.broadleafcommerce.org/heatclinic/js/manageAccountOperations.js]
[demo.broadleafcommerce.org/heatclinic/js/reviewOperations.js]
[demo.broadleafcommerce.org/heatclinic/cart;jsessionid=B44F635F1F625642A615B130B7E887D9.html]
[demo.broadleafcommerce.org/heatclinic/img/banners/shirt-special-2.jpg]
[demo.broadleafcommerce.org/heatclinic/hot-sauces/hoppin_hot_sauce.html]
[demo.broadleafcommerce.org/heatclinic/img/sauces/Hoppin-Hot-Sauce-Bottle-2.jpg]
[demo.broadleafcommerce.org/heatclinic/hot-sauces/day_of_the_dead_scotch_bonnet_sauce.html]
[demo.broadleafcommerce.org/heatclinic/img/sauces/Day-of-the-Dead-Scotch-Bonnet-Hot-Sauce-Bottle-2.jpg]
[demo.broadleafcommerce.org/heatclinic/hot-sauces/armageddon_hot_sauce_to_end_all.html]
[demo.broadleafcommerce.org/heatclinic/img/sauces/Armageddon-The-Hot-Sauce-To-End-All-Bottle-2.jpg]
[demo.broadleafcommerce.org/heatclinic/hot-sauces/cafe_louisiane_sweet_cajun_blackening_sauce.html]
[demo.broadleafcommerce.org/heatclinic/;jsessionid=B44F635F1F625642A615B130B7E887D9.html]
[demo.broadleafcommerce.org/heatclinic/img/sauces/Cafe-Louisiane-Sweet-Cajun-Blackening-Sauce-Bottle-2.jpg]
[demo.broadleafcommerce.org/heatclinic/hot-sauces5d9a.html]
[demo.broadleafcommerce.org/heatclinic/hot-sauces2cf7.html]
[demo.broadleafcommerce.org/heatclinic/hot-sauces/sudden_death_sauce.html]
[demo.broadleafcommerce.org/heatclinic/img/sauces/Sudden-Death-Sauce-Bottle.jpg]
[demo.broadleafcommerce.org/heatclinic/hot-sauces/sweet_death_sauce.html]
[demo.broadleafcommerce.org/heatclinic/img/sauces/Sweet-Death-Sauce-Bottle.jpg]
[demo.broadleafcommerce.org/heatclinic/hot-sauces/day_of_the_dead_chipotle_hot_sauce.html]
[demo.broadleafcommerce.org/heatclinic/img/sauces/Day-of-the-Dead-Chipotle-Hot-Sauce-Bottle.jpg]
[demo.broadleafcommerce.org/heatclinic/hot-sauces/day_of_the_dead_habanero_hot_sauce.html]
[demo.broadleafcommerce.org/heatclinic/img/sauces/Day-of-the-Dead-Habanero-Hot-Sauce-Bottle.jpg]
[demo.broadleafcommerce.org/heatclinic/hot-sauces/green_ghost.html]
[demo.broadleafcommerce.org/heatclinic/img/sauces/Green-Ghost-Bottle.jpg]
[demo.broadleafcommerce.org/heatclinic/hot-sauces/blazin_saddle_hot_habanero_pepper_sauce.html]
[demo.broadleafcommerce.org/heatclinic/img/sauces/Blazin-Saddle-XXX-Hot-Habanero-Pepper-Sauce-Bottle.jpg]
[demo.broadleafcommerce.org/heatclinic/hot-sauces/dr_chilemeisters_insane_hot_sauce.html]
[demo.broadleafcommerce.org/heatclinic/img/sauces/Dr.-Chilemeisters-Insane-Hot-Sauce-Bottle.jpg]
[demo.broadleafcommerce.org/heatclinic/hot-sauces/bull_snort_cowboy_cayenne_pepper_hot_sauce.html]
[demo.broadleafcommerce.org/heatclinic/img/sauces/Bull-Snort-Cowboy-Cayenne-Pepper-Hot-Sauce-Bottle.jpg]
[demo.broadleafcommerce.org/heatclinic/img/sauces/Bull-Snort-Smokin-Toncils-Hot-Sauce-Bottle.jpg]
[demo.broadleafcommerce.org/heatclinic/hot-sauces/bull_snort_smokin_toncils_hot_sauce.html]
[demo.broadleafcommerce.org/heatclinic/hot-sauces/cool_cayenne_pepper_hot_sauce.html]
[demo.broadleafcommerce.org/heatclinic/img/sauces/Cool-Cayenne-Pepper-Hot-Sauce-Bottle.jpg]
[demo.broadleafcommerce.org/heatclinic/hot-sauces/roasted_garlic_hot_sauce.html]
[demo.broadleafcommerce.org/heatclinic/img/sauces/Roasted-Garlic-Hot-Sauce-Bottle.jpg]
[demo.broadleafcommerce.org/heatclinic/hot-sauces2679.html]
[demo.broadleafcommerce.org/heatclinic/hot-sauces4658.html]
[demo.broadleafcommerce.org/heatclinic/hot-sauces460d.html]
[demo.broadleafcommerce.org/heatclinic/hot-saucesa5d5.html]
[demo.broadleafcommerce.org/heatclinic/hot-saucesc281.html]
[demo.broadleafcommerce.org/heatclinic/hot-sauces977d.html]
[demo.broadleafcommerce.org/heatclinic/hot-sauces4465.html]
[demo.broadleafcommerce.org/heatclinic/hot-sauces571e.html]
[demo.broadleafcommerce.org/heatclinic/hot-saucesb40f.html]
[demo.broadleafcommerce.org/heatclinic/hot-sauces822d.html]
[demo.broadleafcommerce.org/heatclinic/hot-sauces6ad2.html]
[demo.broadleafcommerce.org/heatclinic/hot-saucese505.html]
[demo.broadleafcommerce.org/heatclinic/hot-sauces3d02.html]
[demo.broadleafcommerce.org/heatclinic/hot-saucesd9bb.html]
[demo.broadleafcommerce.org/heatclinic/hot-sauces863c.html]
[demo.broadleafcommerce.org/heatclinic/hot-saucesbca1.html]
[demo.broadleafcommerce.org/heatclinic/hot-saucesb4c1.html]
[demo.broadleafcommerce.org/heatclinic/hot-sauces6587.html]
[demo.broadleafcommerce.org/heatclinic/img/rhs-ad.jpg]
[demo.broadleafcommerce.org/heatclinic/merchandise/heat_clinic_mascot_mens.html]
[demo.broadleafcommerce.org/heatclinic/img/merch/heat_clinic_mascot_mens_silver.jpg]
[demo.broadleafcommerce.org/heatclinic/img/merch/habanero_womens_red.jpg]
[demo.broadleafcommerce.org/heatclinic/merchandise/hawt_like_a_habanero_womens.html]
[demo.broadleafcommerce.org/heatclinic/merchandise/heat_clinic_hand-drawn_mens.html]
[demo.broadleafcommerce.org/heatclinic/img/merch/heat_clinic_handdrawn_mens_silver.jpg]
[demo.broadleafcommerce.org/heatclinic/hot-sauces;jsessionid=B44F635F1F625642A615B130B7E887D9.html]
[demo.broadleafcommerce.org/heatclinic/merchandise5d9a.html]
[demo.broadleafcommerce.org/heatclinic/merchandise2cf7.html]
[demo.broadleafcommerce.org/heatclinic/merchandise/hawt_like_a_habanero_mens.html]
[demo.broadleafcommerce.org/heatclinic/img/merch/habanero_mens_black.jpg]
[demo.broadleafcommerce.org/heatclinic/img/merch/heat_clinic_handdrawn_womens_red.jpg]
[demo.broadleafcommerce.org/heatclinic/merchandise/heat_clinic_hand-drawn_womens.html]
[demo.broadleafcommerce.org/heatclinic/merchandise/heat_clinic_mascot_womens.html]
[demo.broadleafcommerce.org/heatclinic/img/merch/heat_clinic_mascot_womens_black.jpg]
[demo.broadleafcommerce.org/heatclinic/merchandise2679.html]
[demo.broadleafcommerce.org/heatclinic/merchandise6587.html]
[demo.broadleafcommerce.org/heatclinic/merchandise71e3.html]
[demo.broadleafcommerce.org/heatclinic/hot-sauces/hurtin_jalepeno_hot_sauce.html]
[demo.broadleafcommerce.org/heatclinic/img/sauces/Hurtin-Jalepeno-Hot-Sauce-Bottle.jpg]
[demo.broadleafcommerce.org/heatclinic/merchandise;jsessionid=B44F635F1F625642A615B130B7E887D9.html]
[demo.broadleafcommerce.org/heatclinic/clearance5d9a.html]
[demo.broadleafcommerce.org/heatclinic/clearance2cf7.html]
[demo.broadleafcommerce.org/heatclinic/clearance2679.html]
[demo.broadleafcommerce.org/heatclinic/clearancebca1.html]
[demo.broadleafcommerce.org/heatclinic/clearanceb4c1.html]
[demo.broadleafcommerce.org/heatclinic/clearance6587.html]
[demo.broadleafcommerce.org/heatclinic/clearance;jsessionid=B44F635F1F625642A615B130B7E887D9.html]
[demo.broadleafcommerce.org/heatclinic/new-to-hot-sauce;jsessionid=B44F635F1F625642A615B130B7E887D9.html]
[demo.broadleafcommerce.org/heatclinic/faq;jsessionid=B44F635F1F625642A615B130B7E887D9.html]
[s7.addthis.com/js/250/addthis_widget.js]
[demo.broadleafcommerce.org/heatclinic/img/sauces/zoom/Hoppin-Hot-Sauce-Bottle.jpg]
[demo.broadleafcommerce.org/heatclinic/img/sauces/Hoppin-Hot-Sauce-Close.jpg]
[demo.broadleafcommerce.org/heatclinic/hot-sauces/js/libs/jquery-1.7.2.min.98.delayed]
[demo.broadleafcommerce.org/heatclinic/hot-sauces/hoppin_hot_sauce;jsessionid=B44F635F1F625642A615B130B7E887D9.html]
[demo.broadleafcommerce.org/heatclinic/img/sauces/zoom/Day-of-the-Dead-Scotch-Bonnet-Hot-Sauce-Bottle.jpg]
[demo.broadleafcommerce.org/heatclinic/img/sauces/Day-of-the-Dead-Scotch-Bonnet-Hot-Sauce-Close.jpg]
[demo.broadleafcommerce.org/heatclinic/hot-sauces/day_of_the_dead_scotch_bonnet_sauce;jsessionid=B44F635F1F625642A615B130B7E887D9.html]
[demo.broadleafcommerce.org/heatclinic/img/sauces/zoom/Armageddon-The-Hot-Sauce-To-End-All-Bottle.jpg]
[demo.broadleafcommerce.org/heatclinic/img/sauces/Armageddon-The-Hot-Sauce-To-End-All-Close.jpg]
[demo.broadleafcommerce.org/heatclinic/hot-sauces/armageddon_hot_sauce_to_end_all;jsessionid=B44F635F1F625642A615B130B7E887D9.html]
[demo.broadleafcommerce.org/heatclinic/img/sauces/zoom/Cafe-Louisiane-Sweet-Cajun-Blackening-Sauce-Bottle.jpg]
[demo.broadleafcommerce.org/heatclinic/img/sauces/Cafe-Louisiane-Sweet-Cajun-Blackening-Sauce-Close.jpg]
[demo.broadleafcommerce.org/heatclinic/hot-sauces/cafe_louisiane_sweet_cajun_blackening_sauce;jsessionid=B44F635F1F625642A615B130B7E887D9.html]
[demo.broadleafcommerce.org/heatclinic/css/jquery.rating-2.css]
[demo.broadleafcommerce.org/heatclinic/css/style-2.css]
[demo.broadleafcommerce.org/heatclinic/cart.html]
[demo.broadleafcommerce.org/heatclinic/hot-sauces.html]
[demo.broadleafcommerce.org/heatclinic/merchandise.html]
[demo.broadleafcommerce.org/heatclinic/clearance.html]
[demo.broadleafcommerce.org/heatclinic/new-to-hot-sauce.html]
[demo.broadleafcommerce.org/heatclinic/faq.html]
[demo.broadleafcommerce.org/heatclinic/hot-sauces/hoppin_hot_sauce.html]
[demo.broadleafcommerce.org/heatclinic/hot-sauces/day_of_the_dead_scotch_bonnet_sauce.html]
[demo.broadleafcommerce.org/heatclinic/hot-sauces/armageddon_hot_sauce_to_end_all.html]
[demo.broadleafcommerce.org/heatclinic/hot-sauces/cafe_louisiane_sweet_cajun_blackening_sauce.html]
[demo.broadleafcommerce.org/heatclinic/hot-sauces0c41.html]
[demo.broadleafcommerce.org/heatclinic/hot-sauces/scotch_bonnet_hot_sauce.html]
[demo.broadleafcommerce.org/heatclinic/img/sauces/Scotch-Bonnet-Hot-Sauce-Bottle.jpg]
[demo.broadleafcommerce.org/heatclinic/hot-sauces/insanity_sauce.html]
[demo.broadleafcommerce.org/heatclinic/img/sauces/Insanity-Sauce-Bottle.jpg]
[demo.broadleafcommerce.org/heatclinic/hot-sauces/roasted_red_pepper_chipotle_hot_sauce.html]
[demo.broadleafcommerce.org/heatclinic/img/sauces/Roasted-Red-Pepper-and-Chipotle-Hot-Sauce-Bottle.jpg]
[demo.broadleafcommerce.org/heatclinic/hot-saucese9a5.html]
[demo.broadleafcommerce.org/heatclinic/hot-saucesbca3.html]
[demo.broadleafcommerce.org/heatclinic/hot-sauces61b9.html]
[demo.broadleafcommerce.org/heatclinic/hot-saucesa986.html]
[demo.broadleafcommerce.org/heatclinic/hot-sauces29f1.html]
[demo.broadleafcommerce.org/heatclinic/hot-sauces7687.html]
[demo.broadleafcommerce.org/heatclinic/hot-saucesb84e.html]
[demo.broadleafcommerce.org/heatclinic/hot-sauces57ba.html]
[demo.broadleafcommerce.org/heatclinic/hot-sauceseef4.html]
[demo.broadleafcommerce.org/heatclinic/hot-saucesb55b.html]
[demo.broadleafcommerce.org/heatclinic/hot-sauces75c6.html]
[demo.broadleafcommerce.org/heatclinic/hot-sauces9ea2.html]
[demo.broadleafcommerce.org/heatclinic/hot-saucesf05a.html]
[demo.broadleafcommerce.org/heatclinic/hot-sauces4184.html]
[demo.broadleafcommerce.org/heatclinic/hot-saucescb53.html]
[demo.broadleafcommerce.org/heatclinic/hot-sauces0baa.html]
[demo.broadleafcommerce.org/heatclinic/hot-sauces3b8a.html]
[demo.broadleafcommerce.org/heatclinic/hot-sauces5d9a.html]
[demo.broadleafcommerce.org/heatclinic/hot-saucesf178.html]
[demo.broadleafcommerce.org/heatclinic/hot-saucese375.html]
[demo.broadleafcommerce.org/heatclinic/hot-sauces4c29.html]
[demo.broadleafcommerce.org/heatclinic/hot-sauces469c.html]
[demo.broadleafcommerce.org/heatclinic/hot-saucescc9f.html]
[demo.broadleafcommerce.org/heatclinic/hot-sauces63e5.html]
[demo.broadleafcommerce.org/heatclinic/hot-sauces6f23.html]
[demo.broadleafcommerce.org/heatclinic/hot-saucesa331.html]
[demo.broadleafcommerce.org/heatclinic/hot-saucesdfd5.html]
[demo.broadleafcommerce.org/heatclinic/hot-sauces98b5.html]
[demo.broadleafcommerce.org/heatclinic/hot-sauces6a73.html]
[demo.broadleafcommerce.org/heatclinic/hot-sauces2a72.html]
[demo.broadleafcommerce.org/heatclinic/hot-sauces3d95.html]
[demo.broadleafcommerce.org/heatclinic/hot-saucesb73d.html]
[demo.broadleafcommerce.org/heatclinic/hot-sauces7e87.html]
[demo.broadleafcommerce.org/heatclinic/hot-saucesda64.html]
[demo.broadleafcommerce.org/heatclinic/hot-saucesd5df.html]
[demo.broadleafcommerce.org/heatclinic/hot-sauces2cf7.html]
[demo.broadleafcommerce.org/heatclinic/hot-saucesfa6c.html]
[demo.broadleafcommerce.org/heatclinic/img/sauces/zoom/Sudden-Death-Sauce-Bottle.jpg]
[demo.broadleafcommerce.org/heatclinic/img/sauces/Sudden-Death-Sauce-Close.jpg]
[demo.broadleafcommerce.org/heatclinic/hot-sauces/sudden_death_sauce.html]
[demo.broadleafcommerce.org/heatclinic/img/sauces/zoom/Sweet-Death-Sauce-Bottle.jpg]
[demo.broadleafcommerce.org/heatclinic/img/sauces/Sweet-Death-Sauce-Logo.jpg]
[demo.broadleafcommerce.org/heatclinic/img/sauces/Sweet-Death-Sauce-Close.jpg]
[demo.broadleafcommerce.org/heatclinic/img/sauces/Sweet-Death-Sauce-Skull.jpg]
[demo.broadleafcommerce.org/heatclinic/img/sauces/Sweet-Death-Sauce-Tile.jpg]
[demo.broadleafcommerce.org/heatclinic/img/sauces/Sweet-Death-Sauce-Grass.jpg]
[demo.broadleafcommerce.org/heatclinic/hot-sauces/sweet_death_sauce.html]
[demo.broadleafcommerce.org/heatclinic/img/sauces/zoom/Day-of-the-Dead-Chipotle-Hot-Sauce-Bottle.jpg]
[demo.broadleafcommerce.org/heatclinic/img/sauces/Day-of-the-Dead-Chipotle-Hot-Sauce-Close.jpg]
[demo.broadleafcommerce.org/heatclinic/hot-sauces/day_of_the_dead_chipotle_hot_sauce.html]
[demo.broadleafcommerce.org/heatclinic/img/sauces/zoom/Day-of-the-Dead-Habanero-Hot-Sauce-Bottle.jpg]
[demo.broadleafcommerce.org/heatclinic/img/sauces/Day-of-the-Dead-Habanero-Hot-Sauce-Close.jpg]
[demo.broadleafcommerce.org/heatclinic/hot-sauces/day_of_the_dead_habanero_hot_sauce.html]
[demo.broadleafcommerce.org/heatclinic/img/sauces/zoom/Green-Ghost-Bottle.jpg]
[demo.broadleafcommerce.org/heatclinic/img/sauces/Green-Ghost-Close.jpg]
[demo.broadleafcommerce.org/heatclinic/hot-sauces/green_ghost.html]
[demo.broadleafcommerce.org/heatclinic/img/sauces/zoom/Blazin-Saddle-XXX-Hot-Habanero-Pepper-Sauce-Bottle.jpg]
[demo.broadleafcommerce.org/heatclinic/img/sauces/Blazin-Saddle-XXX-Hot-Habanero-Pepper-Sauce-Close.jpg]
[demo.broadleafcommerce.org/heatclinic/hot-sauces/blazin_saddle_hot_habanero_pepper_sauce.html]
[demo.broadleafcommerce.org/heatclinic/img/sauces/zoom/Dr.-Chilemeisters-Insane-Hot-Sauce-Bottle.jpg]
[demo.broadleafcommerce.org/heatclinic/img/sauces/Dr.-Chilemeisters-Insane-Hot-Sauce-Close.jpg]
[demo.broadleafcommerce.org/heatclinic/hot-sauces/dr_chilemeisters_insane_hot_sauce.html]
[demo.broadleafcommerce.org/heatclinic/img/sauces/zoom/Bull-Snort-Cowboy-Cayenne-Pepper-Hot-Sauce-Bottle.jpg]
[demo.broadleafcommerce.org/heatclinic/img/sauces/Bull-Snort-Cowboy-Cayenne-Pepper-Hot-Sauce-Close.jpg]
[demo.broadleafcommerce.org/heatclinic/hot-sauces/bull_snort_cowboy_cayenne_pepper_hot_sauce.html]
[demo.broadleafcommerce.org/heatclinic/img/sauces/zoom/Bull-Snort-Smokin-Toncils-Hot-Sauce-Bottle.jpg]
[demo.broadleafcommerce.org/heatclinic/img/sauces/Bull-Snort-Smokin-Toncils-Hot-Sauce-Close.jpg]
[demo.broadleafcommerce.org/heatclinic/hot-sauces/bull_snort_smokin_toncils_hot_sauce.html]
[demo.broadleafcommerce.org/heatclinic/img/sauces/zoom/Cool-Cayenne-Pepper-Hot-Sauce-Bottle.jpg]
[demo.broadleafcommerce.org/heatclinic/img/sauces/Cool-Cayenne-Pepper-Hot-Sauce-Close.jpg]
[demo.broadleafcommerce.org/heatclinic/hot-sauces/cool_cayenne_pepper_hot_sauce.html]
[demo.broadleafcommerce.org/heatclinic/img/sauces/zoom/Roasted-Garlic-Hot-Sauce-Bottle.jpg]
[demo.broadleafcommerce.org/heatclinic/img/sauces/Roasted-Garlic-Hot-Sauce-Close.jpg]
[demo.broadleafcommerce.org/heatclinic/hot-sauces/roasted_garlic_hot_sauce.html]
[demo.broadleafcommerce.org/heatclinic/hot-sauces2679.html]
[demo.broadleafcommerce.org/heatclinic/hot-sauces4658.html]
[demo.broadleafcommerce.org/heatclinic/hot-sauces8164.html]
[demo.broadleafcommerce.org/heatclinic/hot-saucesea29.html]
[demo.broadleafcommerce.org/heatclinic/hot-sauces895a.html]
[demo.broadleafcommerce.org/heatclinic/hot-sauces460d.html]
[demo.broadleafcommerce.org/heatclinic/hot-sauces8e85.html]
[demo.broadleafcommerce.org/heatclinic/hot-saucesf510.html]
[demo.broadleafcommerce.org/heatclinic/hot-saucesa5d5.html]
[demo.broadleafcommerce.org/heatclinic/hot-saucesa290.html]
[demo.broadleafcommerce.org/heatclinic/hot-saucesa658.html]
[demo.broadleafcommerce.org/heatclinic/hot-saucesc281.html]
[demo.broadleafcommerce.org/heatclinic/hot-sauces9665.html]
[demo.broadleafcommerce.org/heatclinic/hot-saucesb979.html]
[demo.broadleafcommerce.org/heatclinic/hot-sauces7e10.html]
[demo.broadleafcommerce.org/heatclinic/hot-sauces7097.html]
[demo.broadleafcommerce.org/heatclinic/hot-sauces82a8.html]
[demo.broadleafcommerce.org/heatclinic/hot-sauces977d.html]
[demo.broadleafcommerce.org/heatclinic/hot-saucesdb2e.html]
[demo.broadleafcommerce.org/heatclinic/hot-sauces4465.html]
[demo.broadleafcommerce.org/heatclinic/hot-saucese009.html]
[demo.broadleafcommerce.org/heatclinic/hot-sauces4d7c.html]
[demo.broadleafcommerce.org/heatclinic/hot-saucesdac8.html]
[demo.broadleafcommerce.org/heatclinic/hot-sauces7e6d.html]
[demo.broadleafcommerce.org/heatclinic/hot-sauces52c3.html]
[demo.broadleafcommerce.org/heatclinic/hot-sauces571e.html]
[demo.broadleafcommerce.org/heatclinic/hot-saucesc60f.html]
[demo.broadleafcommerce.org/heatclinic/hot-sauces9857.html]
[demo.broadleafcommerce.org/heatclinic/hot-saucesb40f.html]
[demo.broadleafcommerce.org/heatclinic/hot-sauces9e77.html]
[demo.broadleafcommerce.org/heatclinic/hot-sauces54a5.html]
[demo.broadleafcommerce.org/heatclinic/hot-saucesf6cd.html]
[demo.broadleafcommerce.org/heatclinic/hot-sauces822d.html]
[demo.broadleafcommerce.org/heatclinic/hot-sauces0793.html]
[demo.broadleafcommerce.org/heatclinic/hot-sauces4426.html]
[demo.broadleafcommerce.org/heatclinic/hot-saucesb4da.html]
[demo.broadleafcommerce.org/heatclinic/hot-sauces6ad2.html]
[demo.broadleafcommerce.org/heatclinic/hot-sauces7d0d.html]
[demo.broadleafcommerce.org/heatclinic/hot-saucesdcd0.html]
[demo.broadleafcommerce.org/heatclinic/hot-saucese505.html]
[demo.broadleafcommerce.org/heatclinic/hot-saucesd42c.html]
[demo.broadleafcommerce.org/heatclinic/hot-sauces759e.html]
[demo.broadleafcommerce.org/heatclinic/hot-sauces3d02.html]
[demo.broadleafcommerce.org/heatclinic/hot-sauces623f.html]
[demo.broadleafcommerce.org/heatclinic/hot-sauces2865.html]
[demo.broadleafcommerce.org/heatclinic/hot-sauces4b09.html]
[demo.broadleafcommerce.org/heatclinic/hot-saucesd9bb.html]
[demo.broadleafcommerce.org/heatclinic/hot-sauces4246.html]
[demo.broadleafcommerce.org/heatclinic/hot-saucesd830.html]
[demo.broadleafcommerce.org/heatclinic/hot-sauces863c.html]
[demo.broadleafcommerce.org/heatclinic/hot-saucesbca1.html]
[demo.broadleafcommerce.org/heatclinic/hot-saucesb4c1.html]
[demo.broadleafcommerce.org/heatclinic/hot-sauces6587.html]
[demo.broadleafcommerce.org/heatclinic/img/merch/heat_clinic_mascot_mens_black.jpg]
[demo.broadleafcommerce.org/heatclinic/img/merch/heat_clinic_mascot_mens_red.jpg]
[demo.broadleafcommerce.org/heatclinic/merchandise/js/libs/jquery-1.7.2.min.108.delayed]
[demo.broadleafcommerce.org/heatclinic/merchandise/heat_clinic_mascot_mens.html]
[demo.broadleafcommerce.org/heatclinic/img/merch/habanero_womens_black.jpg]
[demo.broadleafcommerce.org/heatclinic/img/merch/habanero_womens_silver.jpg]
[demo.broadleafcommerce.org/heatclinic/merchandise/hawt_like_a_habanero_womens.html]
[demo.broadleafcommerce.org/heatclinic/img/merch/heat_clinic_handdrawn_mens_black.jpg]
[demo.broadleafcommerce.org/heatclinic/img/merch/heat_clinic_handdrawn_mens_red.jpg]
[demo.broadleafcommerce.org/heatclinic/merchandise/heat_clinic_hand-drawn_mens.html]
[demo.broadleafcommerce.org/heatclinic/merchandise0c41.html]
[demo.broadleafcommerce.org/heatclinic/merchandise3b8a.html]
[demo.broadleafcommerce.org/heatclinic/merchandise7275.html]
[demo.broadleafcommerce.org/heatclinic/merchandise5d9a.html]
[demo.broadleafcommerce.org/heatclinic/merchandisef178.html]
[demo.broadleafcommerce.org/heatclinic/merchandisefa6c.html]
[demo.broadleafcommerce.org/heatclinic/merchandiseab0c.html]
[demo.broadleafcommerce.org/heatclinic/merchandise2cf7.html]
[demo.broadleafcommerce.org/heatclinic/img/merch/habanero_mens_red.jpg]
[demo.broadleafcommerce.org/heatclinic/img/merch/habanero_mens_silver.jpg]
[demo.broadleafcommerce.org/heatclinic/merchandise/hawt_like_a_habanero_mens.html]
[demo.broadleafcommerce.org/heatclinic/img/merch/heat_clinic_handdrawn_womens_black.jpg]
[demo.broadleafcommerce.org/heatclinic/img/merch/heat_clinic_handdrawn_womens_silver.jpg]
[demo.broadleafcommerce.org/heatclinic/merchandise/heat_clinic_hand-drawn_womens.html]
[demo.broadleafcommerce.org/heatclinic/img/merch/heat_clinic_mascot_womens_red.jpg]
[demo.broadleafcommerce.org/heatclinic/img/merch/heat_clinic_mascot_womens_silver.jpg]
[demo.broadleafcommerce.org/heatclinic/merchandise/heat_clinic_mascot_womens.html]
[demo.broadleafcommerce.org/heatclinic/merchandise2679.html]
[demo.broadleafcommerce.org/heatclinic/merchandise6587.html]
[demo.broadleafcommerce.org/heatclinic/merchandise71e3.html]
[demo.broadleafcommerce.org/heatclinic/img/sauces/zoom/Hurtin-Jalepeno-Hot-Sauce-Bottle.jpg]
[demo.broadleafcommerce.org/heatclinic/img/sauces/Hurtin-Jalepeno-Hot-Sauce-Close.jpg]
[demo.broadleafcommerce.org/heatclinic/hot-sauces/hurtin_jalepeno_hot_sauce.html]
[demo.broadleafcommerce.org/heatclinic/clearance0c41.html]
[demo.broadleafcommerce.org/heatclinic/clearancecb53.html]
[demo.broadleafcommerce.org/heatclinic/clearance0baa.html]
[demo.broadleafcommerce.org/heatclinic/clearance3b8a.html]
[demo.broadleafcommerce.org/heatclinic/clearance5d9a.html]
[demo.broadleafcommerce.org/heatclinic/clearancef178.html]
[demo.broadleafcommerce.org/heatclinic/clearanceda64.html]
[demo.broadleafcommerce.org/heatclinic/clearanced5df.html]
[demo.broadleafcommerce.org/heatclinic/clearancefa6c.html]
[demo.broadleafcommerce.org/heatclinic/clearance2cf7.html]
[demo.broadleafcommerce.org/heatclinic/clearance2679.html]
[demo.broadleafcommerce.org/heatclinic/clearancebca1.html]
[demo.broadleafcommerce.org/heatclinic/clearanceb4c1.html]
[demo.broadleafcommerce.org/heatclinic/clearance6587.html]
[demo.broadleafcommerce.org/heatclinic/hot-sauces/js/libs/jquery-1.7.2.min.html]
[demo.broadleafcommerce.org/heatclinic/hot-sauces8464.html]
[demo.broadleafcommerce.org/heatclinic/hot-saucesa646.html]
[demo.broadleafcommerce.org/heatclinic/hot-sauces40af.html]
[demo.broadleafcommerce.org/heatclinic/hot-saucesc697.html]
[demo.broadleafcommerce.org/heatclinic/hot-sauces7ba5.html]
[demo.broadleafcommerce.org/heatclinic/hot-sauces8f3f.html]
[demo.broadleafcommerce.org/heatclinic/hot-sauces537d.html]
[demo.broadleafcommerce.org/heatclinic/hot-sauces8097.html]
[demo.broadleafcommerce.org/heatclinic/hot-sauces6cb8.html]
[demo.broadleafcommerce.org/heatclinic/hot-sauces1491.html]
[demo.broadleafcommerce.org/heatclinic/hot-sauces55a5.html]
[demo.broadleafcommerce.org/heatclinic/hot-sauces5e8a.html]
[demo.broadleafcommerce.org/heatclinic/hot-saucesadb5.html]
[demo.broadleafcommerce.org/heatclinic/hot-sauces5279.html]
[demo.broadleafcommerce.org/heatclinic/hot-sauces98d3.html]
[demo.broadleafcommerce.org/heatclinic/hot-sauces97eb.html]
[demo.broadleafcommerce.org/heatclinic/hot-sauces3bf0.html]
[demo.broadleafcommerce.org/heatclinic/hot-sauces0c41.html]
[demo.broadleafcommerce.org/heatclinic/img/sauces/zoom/Scotch-Bonnet-Hot-Sauce-Bottle.jpg]
[demo.broadleafcommerce.org/heatclinic/img/sauces/Scotch-Bonnet-Hot-Sauce-Close.jpg]
[demo.broadleafcommerce.org/heatclinic/hot-sauces/scotch_bonnet_hot_sauce.html]
[demo.broadleafcommerce.org/heatclinic/img/sauces/zoom/Insanity-Sauce-Bottle.jpg]
[demo.broadleafcommerce.org/heatclinic/img/sauces/Insanity-Sauce-Close.jpg]
[demo.broadleafcommerce.org/heatclinic/hot-sauces/insanity_sauce.html]
[demo.broadleafcommerce.org/heatclinic/img/sauces/zoom/Roasted-Red-Pepper-and-Chipotle-Hot-Sauce-Bottle.jpg]
[demo.broadleafcommerce.org/heatclinic/img/sauces/Roasted-Red-Pepper-and-Chipotle-Hot-Sauce-Close.jpg]
[demo.broadleafcommerce.org/heatclinic/hot-sauces/roasted_red_pepper_chipotle_hot_sauce.html]
[demo.broadleafcommerce.org/heatclinic/hot-saucese9a5.html]
[demo.broadleafcommerce.org/heatclinic/hot-saucesf50c.html]
[demo.broadleafcommerce.org/heatclinic/hot-saucesfb91.html]
[demo.broadleafcommerce.org/heatclinic/hot-sauces40f5.html]
[demo.broadleafcommerce.org/heatclinic/hot-saucesbca3.html]
[demo.broadleafcommerce.org/heatclinic/hot-sauces26e3.html]
[demo.broadleafcommerce.org/heatclinic/hot-sauces9cec.html]
[demo.broadleafcommerce.org/heatclinic/hot-sauces61b9.html]
[demo.broadleafcommerce.org/heatclinic/hot-saucesc38e.html]
[demo.broadleafcommerce.org/heatclinic/hot-sauces7425.html]
[demo.broadleafcommerce.org/heatclinic/hot-saucesa986.html]
[demo.broadleafcommerce.org/heatclinic/hot-saucesaab8.html]
[demo.broadleafcommerce.org/heatclinic/hot-sauces77ed.html]
[demo.broadleafcommerce.org/heatclinic/hot-saucese1b8.html]
[demo.broadleafcommerce.org/heatclinic/hot-saucesb795.html]
[demo.broadleafcommerce.org/heatclinic/hot-sauces29f1.html]
[demo.broadleafcommerce.org/heatclinic/hot-sauces9857-2.html]
[demo.broadleafcommerce.org/heatclinic/hot-sauces25bd.html]
[demo.broadleafcommerce.org/heatclinic/hot-saucesbef8.html]
[demo.broadleafcommerce.org/heatclinic/hot-sauces7687.html]
[demo.broadleafcommerce.org/heatclinic/hot-sauces5e3c.html]
[demo.broadleafcommerce.org/heatclinic/hot-sauces34a4.html]
[demo.broadleafcommerce.org/heatclinic/hot-saucesbe45.html]
[demo.broadleafcommerce.org/heatclinic/hot-saucesb84e.html]
[demo.broadleafcommerce.org/heatclinic/hot-sauces763f.html]
[demo.broadleafcommerce.org/heatclinic/hot-saucescc96.html]
[demo.broadleafcommerce.org/heatclinic/hot-sauces4420.html]
[demo.broadleafcommerce.org/heatclinic/hot-sauces57ba.html]
[demo.broadleafcommerce.org/heatclinic/hot-saucesa253.html]
[demo.broadleafcommerce.org/heatclinic/hot-sauces586f.html]
[demo.broadleafcommerce.org/heatclinic/hot-saucescd83.html]
[demo.broadleafcommerce.org/heatclinic/hot-sauceseef4.html]
[demo.broadleafcommerce.org/heatclinic/hot-saucese899.html]
[demo.broadleafcommerce.org/heatclinic/hot-sauces0f88.html]
[demo.broadleafcommerce.org/heatclinic/hot-sauces02d0.html]
[demo.broadleafcommerce.org/heatclinic/hot-saucesb55b.html]
[demo.broadleafcommerce.org/heatclinic/hot-saucese2de.html]
[demo.broadleafcommerce.org/heatclinic/hot-sauces75c6.html]
[demo.broadleafcommerce.org/heatclinic/hot-sauces691e.html]
[demo.broadleafcommerce.org/heatclinic/hot-sauces3faf.html]
[demo.broadleafcommerce.org/heatclinic/hot-sauces6240.html]
[demo.broadleafcommerce.org/heatclinic/hot-sauces9ea2.html]
[demo.broadleafcommerce.org/heatclinic/hot-saucesb83c.html]
[demo.broadleafcommerce.org/heatclinic/hot-sauces53be.html]
[demo.broadleafcommerce.org/heatclinic/hot-saucesacbe.html]
[demo.broadleafcommerce.org/heatclinic/hot-saucesf05a.html]
[demo.broadleafcommerce.org/heatclinic/hot-sauces2c46.html]
[demo.broadleafcommerce.org/heatclinic/hot-sauces88fe.html]
[demo.broadleafcommerce.org/heatclinic/hot-sauces4184.html]
[demo.broadleafcommerce.org/heatclinic/hot-saucescb53.html]
[demo.broadleafcommerce.org/heatclinic/hot-sauces0baa.html]
[demo.broadleafcommerce.org/heatclinic/hot-sauces3b8a.html]
[demo.broadleafcommerce.org/heatclinic/hot-sauces77d4.html]
[demo.broadleafcommerce.org/heatclinic/hot-saucesbb19.html]
[demo.broadleafcommerce.org/heatclinic/hot-sauces2aae.html]
[demo.broadleafcommerce.org/heatclinic/hot-saucesce8e.html]
[demo.broadleafcommerce.org/heatclinic/hot-saucese5c9.html]
[demo.broadleafcommerce.org/heatclinic/hot-sauces6672.html]
[demo.broadleafcommerce.org/heatclinic/hot-sauces9fc7.html]
[demo.broadleafcommerce.org/heatclinic/hot-sauces5d10.html]
[demo.broadleafcommerce.org/heatclinic/hot-saucesf9b6.html]
[demo.broadleafcommerce.org/heatclinic/hot-sauces5957.html]
[demo.broadleafcommerce.org/heatclinic/hot-sauces3423.html]
[demo.broadleafcommerce.org/heatclinic/hot-saucesa28e.html]
[demo.broadleafcommerce.org/heatclinic/hot-sauces5257.html]
[demo.broadleafcommerce.org/heatclinic/hot-sauces55d2.html]
[demo.broadleafcommerce.org/heatclinic/hot-sauces8c13.html]
[demo.broadleafcommerce.org/heatclinic/hot-sauces8ff3.html]
[demo.broadleafcommerce.org/heatclinic/hot-sauceseb8d.html]
[demo.broadleafcommerce.org/heatclinic/hot-saucesf178.html]
[demo.broadleafcommerce.org/heatclinic/hot-saucese375.html]
[demo.broadleafcommerce.org/heatclinic/hot-saucesa2a3.html]
[demo.broadleafcommerce.org/heatclinic/hot-sauces9628.html]
[demo.broadleafcommerce.org/heatclinic/hot-sauces33dc.html]
[demo.broadleafcommerce.org/heatclinic/hot-sauces4c29.html]
[demo.broadleafcommerce.org/heatclinic/hot-saucesf3c9.html]
[demo.broadleafcommerce.org/heatclinic/hot-sauces469c.html]
[demo.broadleafcommerce.org/heatclinic/hot-saucesa052.html]
[demo.broadleafcommerce.org/heatclinic/hot-sauces85e7.html]
[demo.broadleafcommerce.org/heatclinic/hot-saucesa793.html]
[demo.broadleafcommerce.org/heatclinic/hot-saucescc9f.html]
[demo.broadleafcommerce.org/heatclinic/hot-saucesa6c0.html]
[demo.broadleafcommerce.org/heatclinic/hot-sauces3f63.html]
[demo.broadleafcommerce.org/heatclinic/hot-sauces3928.html]
[demo.broadleafcommerce.org/heatclinic/hot-sauces5071.html]
[demo.broadleafcommerce.org/heatclinic/hot-sauces14f8.html]
[demo.broadleafcommerce.org/heatclinic/hot-sauces63e5.html]
[demo.broadleafcommerce.org/heatclinic/hot-saucesb1e3.html]
[demo.broadleafcommerce.org/heatclinic/hot-saucese3d1.html]
[demo.broadleafcommerce.org/heatclinic/hot-sauces6f23.html]
[demo.broadleafcommerce.org/heatclinic/hot-sauces3f33.html]
[demo.broadleafcommerce.org/heatclinic/hot-sauces84d6.html]
[demo.broadleafcommerce.org/heatclinic/hot-saucese62b.html]
[demo.broadleafcommerce.org/heatclinic/hot-sauces2c9f.html]
[demo.broadleafcommerce.org/heatclinic/hot-saucesa331.html]
[demo.broadleafcommerce.org/heatclinic/hot-saucese0bd.html]
[demo.broadleafcommerce.org/heatclinic/hot-saucesdcca.html]
[demo.broadleafcommerce.org/heatclinic/hot-saucesdfd5.html]
[demo.broadleafcommerce.org/heatclinic/hot-sauces9627.html]
[demo.broadleafcommerce.org/heatclinic/hot-sauces8424.html]
[demo.broadleafcommerce.org/heatclinic/hot-saucesaeed.html]
[demo.broadleafcommerce.org/heatclinic/hot-sauces98b5.html]
[demo.broadleafcommerce.org/heatclinic/hot-sauces9a2c.html]
[demo.broadleafcommerce.org/heatclinic/hot-sauces93ab.html]
[demo.broadleafcommerce.org/heatclinic/hot-sauces6a73.html]
[demo.broadleafcommerce.org/heatclinic/hot-sauces509e.html]
[demo.broadleafcommerce.org/heatclinic/hot-sauceseb3e.html]
[demo.broadleafcommerce.org/heatclinic/hot-saucesc9da.html]
[demo.broadleafcommerce.org/heatclinic/hot-sauces2a72.html]
[demo.broadleafcommerce.org/heatclinic/hot-sauces946d.html]
[demo.broadleafcommerce.org/heatclinic/hot-sauces4158.html]
[demo.broadleafcommerce.org/heatclinic/hot-sauces3d95.html]
[demo.broadleafcommerce.org/heatclinic/hot-saucesc267.html]
[demo.broadleafcommerce.org/heatclinic/hot-sauces3de9.html]
[demo.broadleafcommerce.org/heatclinic/hot-sauces2a86.html]
[demo.broadleafcommerce.org/heatclinic/hot-saucesb73d.html]
[demo.broadleafcommerce.org/heatclinic/hot-saucese2e5.html]
[demo.broadleafcommerce.org/heatclinic/hot-saucesf921.html]
[demo.broadleafcommerce.org/heatclinic/hot-sauces7e87.html]
[demo.broadleafcommerce.org/heatclinic/hot-saucesda64.html]
[demo.broadleafcommerce.org/heatclinic/hot-saucesd5df.html]
[demo.broadleafcommerce.org/heatclinic/hot-saucesfa6c.html]
[demo.broadleafcommerce.org/heatclinic/hot-sauces8164.html]
[demo.broadleafcommerce.org/heatclinic/hot-saucesae4e.html]
[demo.broadleafcommerce.org/heatclinic/hot-saucesab18.html]
[demo.broadleafcommerce.org/heatclinic/hot-saucesea29.html]
[demo.broadleafcommerce.org/heatclinic/hot-sauces895a.html]
[demo.broadleafcommerce.org/heatclinic/hot-sauces3b71.html]
[demo.broadleafcommerce.org/heatclinic/hot-sauces8e85.html]
[demo.broadleafcommerce.org/heatclinic/hot-saucesf510.html]
[demo.broadleafcommerce.org/heatclinic/hot-sauces3558.html]
[demo.broadleafcommerce.org/heatclinic/hot-saucesa290.html]
[demo.broadleafcommerce.org/heatclinic/hot-saucesa658.html]
[demo.broadleafcommerce.org/heatclinic/hot-sauces6b49.html]
[demo.broadleafcommerce.org/heatclinic/hot-sauces9665.html]
[demo.broadleafcommerce.org/heatclinic/hot-saucesfcb7.html]
[demo.broadleafcommerce.org/heatclinic/hot-saucesb979.html]
[demo.broadleafcommerce.org/heatclinic/hot-saucesabf5.html]
[demo.broadleafcommerce.org/heatclinic/hot-sauces7e10.html]
[demo.broadleafcommerce.org/heatclinic/hot-saucesf43c.html]
[demo.broadleafcommerce.org/heatclinic/hot-sauces7097.html]
[demo.broadleafcommerce.org/heatclinic/hot-sauces82a8.html]
[demo.broadleafcommerce.org/heatclinic/hot-sauces46e3.html]
[demo.broadleafcommerce.org/heatclinic/hot-saucesdb2e.html]
[demo.broadleafcommerce.org/heatclinic/hot-saucese009.html]
[demo.broadleafcommerce.org/heatclinic/hot-saucesb1d4.html]
[demo.broadleafcommerce.org/heatclinic/hot-sauces4d7c.html]
[demo.broadleafcommerce.org/heatclinic/hot-saucesdac8.html]
[demo.broadleafcommerce.org/heatclinic/hot-sauces7e6d.html]
[demo.broadleafcommerce.org/heatclinic/hot-sauces52c3.html]
[demo.broadleafcommerce.org/heatclinic/hot-sauces954a.html]
[demo.broadleafcommerce.org/heatclinic/hot-sauces39c9.html]
[demo.broadleafcommerce.org/heatclinic/hot-saucesc60f.html]
[demo.broadleafcommerce.org/heatclinic/hot-sauces9857.html]
[demo.broadleafcommerce.org/heatclinic/hot-sauces4141.html]
[demo.broadleafcommerce.org/heatclinic/hot-sauces9e77.html]
[demo.broadleafcommerce.org/heatclinic/hot-sauces54a5.html]
[demo.broadleafcommerce.org/heatclinic/hot-saucesf6cd.html]
[demo.broadleafcommerce.org/heatclinic/hot-sauces0793.html]
[demo.broadleafcommerce.org/heatclinic/hot-sauces4426.html]
[demo.broadleafcommerce.org/heatclinic/hot-saucesfa99.html]
[demo.broadleafcommerce.org/heatclinic/hot-saucesb4da.html]
[demo.broadleafcommerce.org/heatclinic/hot-sauces7d0d.html]
[demo.broadleafcommerce.org/heatclinic/hot-saucesdcd0.html]
[demo.broadleafcommerce.org/heatclinic/hot-saucesd42c.html]
[demo.broadleafcommerce.org/heatclinic/hot-sauces759e.html]
[demo.broadleafcommerce.org/heatclinic/hot-sauces623f.html]
[demo.broadleafcommerce.org/heatclinic/hot-sauces2865.html]
[demo.broadleafcommerce.org/heatclinic/hot-sauces4b09.html]
[demo.broadleafcommerce.org/heatclinic/hot-sauces4246.html]
[demo.broadleafcommerce.org/heatclinic/hot-saucesd830.html]
[demo.broadleafcommerce.org/heatclinic/merchandise/js/libs/jquery-1.7.2.min.html]
[demo.broadleafcommerce.org/heatclinic/merchandise3bf0.html]
[demo.broadleafcommerce.org/heatclinic/merchandise24dd.html]
[demo.broadleafcommerce.org/heatclinic/merchandise0c41.html]
[demo.broadleafcommerce.org/heatclinic/merchandise3b8a.html]
[demo.broadleafcommerce.org/heatclinic/merchandise7275.html]
[demo.broadleafcommerce.org/heatclinic/merchandiseeb8d.html]
[demo.broadleafcommerce.org/heatclinic/merchandisec873.html]
[demo.broadleafcommerce.org/heatclinic/merchandisef178.html]
[demo.broadleafcommerce.org/heatclinic/merchandisefa6c.html]
[demo.broadleafcommerce.org/heatclinic/merchandiseab0c.html]
[demo.broadleafcommerce.org/heatclinic/clearance98d3.html]
[demo.broadleafcommerce.org/heatclinic/clearance97eb.html]
[demo.broadleafcommerce.org/heatclinic/clearance3bf0.html]
[demo.broadleafcommerce.org/heatclinic/clearance0c41.html]
[demo.broadleafcommerce.org/heatclinic/clearancecb53.html]
[demo.broadleafcommerce.org/heatclinic/clearance0baa.html]
[demo.broadleafcommerce.org/heatclinic/clearance3b8a.html]
[demo.broadleafcommerce.org/heatclinic/clearance8c13.html]
[demo.broadleafcommerce.org/heatclinic/clearance8ff3.html]
[demo.broadleafcommerce.org/heatclinic/clearanceeb8d.html]
[demo.broadleafcommerce.org/heatclinic/clearancef178.html]
[demo.broadleafcommerce.org/heatclinic/clearanceda64.html]
[demo.broadleafcommerce.org/heatclinic/clearanced5df.html]
[demo.broadleafcommerce.org/heatclinic/clearancefa6c.html]
[demo.broadleafcommerce.org/heatclinic/hot-sauces8464.html]
[demo.broadleafcommerce.org/heatclinic/hot-saucesf971.html]
[demo.broadleafcommerce.org/heatclinic/hot-sauces311b.html]
[demo.broadleafcommerce.org/heatclinic/hot-saucesabd8.html]
[demo.broadleafcommerce.org/heatclinic/hot-saucesa646.html]
[demo.broadleafcommerce.org/heatclinic/hot-saucesb1a9.html]
[demo.broadleafcommerce.org/heatclinic/hot-saucesc1b0.html]
[demo.broadleafcommerce.org/heatclinic/hot-sauces40af.html]
[demo.broadleafcommerce.org/heatclinic/hot-saucesa891.html]
[demo.broadleafcommerce.org/heatclinic/hot-sauceseb8d-2.html]
[demo.broadleafcommerce.org/heatclinic/hot-saucesc697.html]
[demo.broadleafcommerce.org/heatclinic/hot-sauces4d15.html]
[demo.broadleafcommerce.org/heatclinic/hot-saucesbaa6.html]
[demo.broadleafcommerce.org/heatclinic/hot-sauces48e1.html]
[demo.broadleafcommerce.org/heatclinic/hot-sauces962e.html]
[demo.broadleafcommerce.org/heatclinic/hot-sauces7ba5.html]
[demo.broadleafcommerce.org/heatclinic/hot-sauces7ce9.html]
[demo.broadleafcommerce.org/heatclinic/hot-sauces633d.html]
[demo.broadleafcommerce.org/heatclinic/hot-saucesb48a.html]
[demo.broadleafcommerce.org/heatclinic/hot-sauces8f3f.html]
[demo.broadleafcommerce.org/heatclinic/hot-saucesf4c9.html]
[demo.broadleafcommerce.org/heatclinic/hot-sauces0a4e.html]
[demo.broadleafcommerce.org/heatclinic/hot-saucesec31.html]
[demo.broadleafcommerce.org/heatclinic/hot-sauces537d.html]
[demo.broadleafcommerce.org/heatclinic/hot-saucesee10.html]
[demo.broadleafcommerce.org/heatclinic/hot-sauces773b.html]
[demo.broadleafcommerce.org/heatclinic/hot-sauces67ea.html]
[demo.broadleafcommerce.org/heatclinic/hot-sauces8097.html]
[demo.broadleafcommerce.org/heatclinic/hot-sauces47d7.html]
[demo.broadleafcommerce.org/heatclinic/hot-sauces4fe8.html]
[demo.broadleafcommerce.org/heatclinic/hot-sauces528d.html]
[demo.broadleafcommerce.org/heatclinic/hot-sauces6cb8.html]
[demo.broadleafcommerce.org/heatclinic/hot-saucesa07e.html]
[demo.broadleafcommerce.org/heatclinic/hot-sauces808a.html]
[demo.broadleafcommerce.org/heatclinic/hot-sauces1d58.html]
[demo.broadleafcommerce.org/heatclinic/hot-sauces1491.html]
[demo.broadleafcommerce.org/heatclinic/hot-saucesf8ae.html]
[demo.broadleafcommerce.org/heatclinic/hot-sauces101b.html]
[demo.broadleafcommerce.org/heatclinic/hot-sauces55a5.html]
[demo.broadleafcommerce.org/heatclinic/hot-sauces532b.html]
[demo.broadleafcommerce.org/heatclinic/hot-sauces649e.html]
[demo.broadleafcommerce.org/heatclinic/hot-sauces5e8a.html]
[demo.broadleafcommerce.org/heatclinic/hot-sauces2222.html]
[demo.broadleafcommerce.org/heatclinic/hot-saucese9a5-2.html]
[demo.broadleafcommerce.org/heatclinic/hot-saucesee2f.html]
[demo.broadleafcommerce.org/heatclinic/hot-saucesadb5.html]
[demo.broadleafcommerce.org/heatclinic/hot-sauces2d7e.html]
[demo.broadleafcommerce.org/heatclinic/hot-sauces1dde.html]
[demo.broadleafcommerce.org/heatclinic/hot-sauces5279.html]
[demo.broadleafcommerce.org/heatclinic/hot-sauces98d3.html]
[demo.broadleafcommerce.org/heatclinic/hot-sauces97eb.html]
[demo.broadleafcommerce.org/heatclinic/hot-sauces3bf0.html]
[demo.broadleafcommerce.org/heatclinic/hot-saucesf50c.html]
[demo.broadleafcommerce.org/heatclinic/hot-sauces15b2.html]
[demo.broadleafcommerce.org/heatclinic/hot-saucesf9f0.html]
[demo.broadleafcommerce.org/heatclinic/hot-saucesfb91.html]
[demo.broadleafcommerce.org/heatclinic/hot-sauces40f5.html]
[demo.broadleafcommerce.org/heatclinic/hot-sauces26e3.html]
[demo.broadleafcommerce.org/heatclinic/hot-sauces5bea.html]
[demo.broadleafcommerce.org/heatclinic/hot-sauces9cec.html]
[demo.broadleafcommerce.org/heatclinic/hot-saucesfb7d.html]
[demo.broadleafcommerce.org/heatclinic/hot-saucesc38e.html]
[demo.broadleafcommerce.org/heatclinic/hot-sauces7425.html]
[demo.broadleafcommerce.org/heatclinic/hot-saucesee8d.html]
[demo.broadleafcommerce.org/heatclinic/hot-saucesaab8.html]
[demo.broadleafcommerce.org/heatclinic/hot-sauces297c.html]
[demo.broadleafcommerce.org/heatclinic/hot-sauces77ed.html]
[demo.broadleafcommerce.org/heatclinic/hot-sauces7cfb.html]
[demo.broadleafcommerce.org/heatclinic/hot-saucese1b8.html]
[demo.broadleafcommerce.org/heatclinic/hot-sauces6638.html]
[demo.broadleafcommerce.org/heatclinic/hot-saucesb795.html]
[demo.broadleafcommerce.org/heatclinic/hot-sauces9857-2.html]
[demo.broadleafcommerce.org/heatclinic/hot-saucescf32.html]
[demo.broadleafcommerce.org/heatclinic/hot-sauces25bd.html]
[demo.broadleafcommerce.org/heatclinic/hot-saucesbef8.html]
[demo.broadleafcommerce.org/heatclinic/hot-sauces4587.html]
[demo.broadleafcommerce.org/heatclinic/hot-sauces5e3c.html]
[demo.broadleafcommerce.org/heatclinic/hot-sauces0da2.html]
[demo.broadleafcommerce.org/heatclinic/hot-sauces34a4.html]
[demo.broadleafcommerce.org/heatclinic/hot-saucesbe45.html]
[demo.broadleafcommerce.org/heatclinic/hot-sauces763f.html]
[demo.broadleafcommerce.org/heatclinic/hot-saucescc96.html]
[demo.broadleafcommerce.org/heatclinic/hot-sauces4420.html]
[demo.broadleafcommerce.org/heatclinic/hot-sauces06f9.html]
[demo.broadleafcommerce.org/heatclinic/hot-sauces62e2.html]
[demo.broadleafcommerce.org/heatclinic/hot-saucesa253.html]
[demo.broadleafcommerce.org/heatclinic/hot-saucesca4e.html]
[demo.broadleafcommerce.org/heatclinic/hot-sauces586f.html]
[demo.broadleafcommerce.org/heatclinic/hot-saucescd83.html]
[demo.broadleafcommerce.org/heatclinic/hot-saucese899.html]
[demo.broadleafcommerce.org/heatclinic/hot-sauces0f88.html]
[demo.broadleafcommerce.org/heatclinic/hot-sauces02d0.html]
[demo.broadleafcommerce.org/heatclinic/hot-saucese2de.html]
[demo.broadleafcommerce.org/heatclinic/hot-sauces691e.html]
[demo.broadleafcommerce.org/heatclinic/hot-sauces3faf.html]
[demo.broadleafcommerce.org/heatclinic/hot-sauces6240.html]
[demo.broadleafcommerce.org/heatclinic/hot-saucesb83c.html]
[demo.broadleafcommerce.org/heatclinic/hot-sauces53be.html]
[demo.broadleafcommerce.org/heatclinic/hot-saucesacbe.html]
[demo.broadleafcommerce.org/heatclinic/hot-sauces2c46.html]
[demo.broadleafcommerce.org/heatclinic/hot-sauces88fe.html]
[demo.broadleafcommerce.org/heatclinic/hot-sauces77d4.html]
[demo.broadleafcommerce.org/heatclinic/hot-sauces0c1a.html]
[demo.broadleafcommerce.org/heatclinic/hot-saucesbfca.html]
[demo.broadleafcommerce.org/heatclinic/hot-sauces0042.html]
[demo.broadleafcommerce.org/heatclinic/hot-saucesbb19.html]
[demo.broadleafcommerce.org/heatclinic/hot-sauces3780.html]
[demo.broadleafcommerce.org/heatclinic/hot-saucesb50e.html]
[demo.broadleafcommerce.org/heatclinic/hot-sauces2aae.html]
[demo.broadleafcommerce.org/heatclinic/hot-saucesffc7.html]
[demo.broadleafcommerce.org/heatclinic/hot-saucesbc8d.html]
[demo.broadleafcommerce.org/heatclinic/hot-saucesce8e.html]
[demo.broadleafcommerce.org/heatclinic/hot-sauces3e29.html]
[demo.broadleafcommerce.org/heatclinic/hot-saucesf20c.html]
[demo.broadleafcommerce.org/heatclinic/hot-saucesef9a.html]
[demo.broadleafcommerce.org/heatclinic/hot-sauces7631.html]
[demo.broadleafcommerce.org/heatclinic/hot-sauces3c07.html]
[demo.broadleafcommerce.org/heatclinic/hot-saucese5c9.html]
[demo.broadleafcommerce.org/heatclinic/hot-sauces52ea.html]
[demo.broadleafcommerce.org/heatclinic/hot-saucesf2c7.html]
[demo.broadleafcommerce.org/heatclinic/hot-sauces6672.html]
[demo.broadleafcommerce.org/heatclinic/hot-sauces2e9f.html]
[demo.broadleafcommerce.org/heatclinic/hot-saucese670.html]
[demo.broadleafcommerce.org/heatclinic/hot-sauces8a6e.html]
[demo.broadleafcommerce.org/heatclinic/hot-sauces2c09.html]
[demo.broadleafcommerce.org/heatclinic/hot-sauces9fc7.html]
[demo.broadleafcommerce.org/heatclinic/hot-sauces07f5.html]
[demo.broadleafcommerce.org/heatclinic/hot-sauces0f87.html]
[demo.broadleafcommerce.org/heatclinic/hot-sauces5d10.html]
[demo.broadleafcommerce.org/heatclinic/hot-sauces0a8b.html]
[demo.broadleafcommerce.org/heatclinic/hot-sauces59c8.html]
[demo.broadleafcommerce.org/heatclinic/hot-saucesd98b.html]
[demo.broadleafcommerce.org/heatclinic/hot-saucesf9b6.html]
[demo.broadleafcommerce.org/heatclinic/hot-sauces3529.html]
[demo.broadleafcommerce.org/heatclinic/hot-sauces8c88.html]
[demo.broadleafcommerce.org/heatclinic/hot-sauces1c2e.html]
[demo.broadleafcommerce.org/heatclinic/hot-sauces5957.html]
[demo.broadleafcommerce.org/heatclinic/hot-sauces9323.html]
[demo.broadleafcommerce.org/heatclinic/hot-sauces9c7a.html]
[demo.broadleafcommerce.org/heatclinic/hot-sauces3423.html]
[demo.broadleafcommerce.org/heatclinic/hot-sauces8c80.html]
[demo.broadleafcommerce.org/heatclinic/hot-saucesd5d6.html]
[demo.broadleafcommerce.org/heatclinic/hot-saucesa28e.html]
[demo.broadleafcommerce.org/heatclinic/hot-sauces0173.html]
[demo.broadleafcommerce.org/heatclinic/hot-sauces9552.html]
[demo.broadleafcommerce.org/heatclinic/hot-sauces0747.html]
[demo.broadleafcommerce.org/heatclinic/hot-sauces5257.html]
[demo.broadleafcommerce.org/heatclinic/hot-sauces4a11.html]
[demo.broadleafcommerce.org/heatclinic/hot-saucesd0e7.html]
[demo.broadleafcommerce.org/heatclinic/hot-sauces55d2.html]
[demo.broadleafcommerce.org/heatclinic/hot-sauces8c13.html]
[demo.broadleafcommerce.org/heatclinic/hot-sauces8ff3.html]
[demo.broadleafcommerce.org/heatclinic/hot-sauceseb8d.html]
[demo.broadleafcommerce.org/heatclinic/hot-saucesa2a3.html]
[demo.broadleafcommerce.org/heatclinic/hot-sauces804f.html]
[demo.broadleafcommerce.org/heatclinic/hot-sauces0bf2.html]
[demo.broadleafcommerce.org/heatclinic/hot-sauces9628.html]
[demo.broadleafcommerce.org/heatclinic/hot-sauces33dc.html]
[demo.broadleafcommerce.org/heatclinic/hot-saucesc9b3.html]
[demo.broadleafcommerce.org/heatclinic/hot-saucesf3c9.html]
[demo.broadleafcommerce.org/heatclinic/hot-saucesa052.html]
[demo.broadleafcommerce.org/heatclinic/hot-sauces2218.html]
[demo.broadleafcommerce.org/heatclinic/hot-sauces85e7.html]
[demo.broadleafcommerce.org/heatclinic/hot-saucesa793.html]
[demo.broadleafcommerce.org/heatclinic/hot-sauces21f1.html]
[demo.broadleafcommerce.org/heatclinic/hot-saucesa6c0.html]
[demo.broadleafcommerce.org/heatclinic/hot-saucesc181.html]
[demo.broadleafcommerce.org/heatclinic/hot-sauces3f63.html]
[demo.broadleafcommerce.org/heatclinic/hot-sauces3928.html]
[demo.broadleafcommerce.org/heatclinic/hot-sauces5efd.html]
[demo.broadleafcommerce.org/heatclinic/hot-sauces6ce5.html]
[demo.broadleafcommerce.org/heatclinic/hot-sauces5071.html]
[demo.broadleafcommerce.org/heatclinic/hot-sauces14f8.html]
[demo.broadleafcommerce.org/heatclinic/hot-saucesd117.html]
[demo.broadleafcommerce.org/heatclinic/hot-saucesb1e3.html]
[demo.broadleafcommerce.org/heatclinic/hot-saucese3d1.html]
[demo.broadleafcommerce.org/heatclinic/hot-sauces8b3e.html]
[demo.broadleafcommerce.org/heatclinic/hot-sauces3f33.html]
[demo.broadleafcommerce.org/heatclinic/hot-saucesf51f.html]
[demo.broadleafcommerce.org/heatclinic/hot-sauces84d6.html]
[demo.broadleafcommerce.org/heatclinic/hot-saucese62b.html]
[demo.broadleafcommerce.org/heatclinic/hot-sauces2c9f.html]
[demo.broadleafcommerce.org/heatclinic/hot-sauces09f9.html]
[demo.broadleafcommerce.org/heatclinic/hot-saucese0bd.html]
[demo.broadleafcommerce.org/heatclinic/hot-saucesdcca.html]
[demo.broadleafcommerce.org/heatclinic/hot-sauces45e3.html]
[demo.broadleafcommerce.org/heatclinic/hot-sauces9627.html]
[demo.broadleafcommerce.org/heatclinic/hot-sauces9483.html]
[demo.broadleafcommerce.org/heatclinic/hot-sauces8424.html]
[demo.broadleafcommerce.org/heatclinic/hot-saucesaeed.html]
[demo.broadleafcommerce.org/heatclinic/hot-sauces9a2c.html]
[demo.broadleafcommerce.org/heatclinic/hot-sauces93ab.html]
[demo.broadleafcommerce.org/heatclinic/hot-sauces509e.html]
[demo.broadleafcommerce.org/heatclinic/hot-sauceseb3e.html]
[demo.broadleafcommerce.org/heatclinic/hot-saucesc9da.html]
[demo.broadleafcommerce.org/heatclinic/hot-sauces946d.html]
[demo.broadleafcommerce.org/heatclinic/hot-sauces4158.html]
[demo.broadleafcommerce.org/heatclinic/hot-saucesc267.html]
[demo.broadleafcommerce.org/heatclinic/hot-sauces3de9.html]
[demo.broadleafcommerce.org/heatclinic/hot-sauces2a86.html]
[demo.broadleafcommerce.org/heatclinic/hot-saucese2e5.html]
[demo.broadleafcommerce.org/heatclinic/hot-saucesf921.html]
[demo.broadleafcommerce.org/heatclinic/hot-saucesae4e.html]
[demo.broadleafcommerce.org/heatclinic/hot-saucesab18.html]
[demo.broadleafcommerce.org/heatclinic/hot-sauces3b71.html]
[demo.broadleafcommerce.org/heatclinic/hot-sauces3558.html]
[demo.broadleafcommerce.org/heatclinic/hot-sauces6b49.html]
[demo.broadleafcommerce.org/heatclinic/hot-saucesfcb7.html]
[demo.broadleafcommerce.org/heatclinic/hot-saucesabf5.html]
[demo.broadleafcommerce.org/heatclinic/hot-saucesf43c.html]
[demo.broadleafcommerce.org/heatclinic/hot-sauces46e3.html]
[demo.broadleafcommerce.org/heatclinic/hot-saucesb1d4.html]
[demo.broadleafcommerce.org/heatclinic/hot-sauces954a.html]
[demo.broadleafcommerce.org/heatclinic/hot-sauces39c9.html]
[demo.broadleafcommerce.org/heatclinic/hot-sauces4141.html]
[demo.broadleafcommerce.org/heatclinic/hot-saucesfa99.html]
[demo.broadleafcommerce.org/heatclinic/merchandise3bf0.html]
[demo.broadleafcommerce.org/heatclinic/merchandise24dd.html]
[demo.broadleafcommerce.org/heatclinic/merchandiseeb8d.html]
[demo.broadleafcommerce.org/heatclinic/merchandisec873.html]
[demo.broadleafcommerce.org/heatclinic/clearance98d3.html]
[demo.broadleafcommerce.org/heatclinic/clearance97eb.html]
[demo.broadleafcommerce.org/heatclinic/clearance3bf0.html]
[demo.broadleafcommerce.org/heatclinic/clearance8c13.html]
[demo.broadleafcommerce.org/heatclinic/clearance8ff3.html]
[demo.broadleafcommerce.org/heatclinic/clearanceeb8d.html]
[demo.broadleafcommerce.org/heatclinic/hot-sauces311b.html]
[demo.broadleafcommerce.org/heatclinic/hot-sauces3d47.html]
[demo.broadleafcommerce.org/heatclinic/hot-sauces5f2e.html]
[demo.broadleafcommerce.org/heatclinic/hot-saucesf971.html]
[demo.broadleafcommerce.org/heatclinic/hot-saucesabd8.html]
[demo.broadleafcommerce.org/heatclinic/hot-sauces424d.html]
[demo.broadleafcommerce.org/heatclinic/hot-saucesb1a9.html]
[demo.broadleafcommerce.org/heatclinic/hot-saucesc1b0.html]
[demo.broadleafcommerce.org/heatclinic/hot-saucese483.html]
[demo.broadleafcommerce.org/heatclinic/hot-saucesa891.html]
[demo.broadleafcommerce.org/heatclinic/hot-sauceseb8d-2.html]
[demo.broadleafcommerce.org/heatclinic/hot-saucesf389.html]
[demo.broadleafcommerce.org/heatclinic/hot-sauces4d15.html]
[demo.broadleafcommerce.org/heatclinic/hot-sauces3c75.html]
[demo.broadleafcommerce.org/heatclinic/hot-saucesbaa6.html]
[demo.broadleafcommerce.org/heatclinic/hot-saucesd7a0.html]
[demo.broadleafcommerce.org/heatclinic/hot-sauces48e1.html]
[demo.broadleafcommerce.org/heatclinic/hot-saucesb680.html]
[demo.broadleafcommerce.org/heatclinic/hot-sauces962e.html]
[demo.broadleafcommerce.org/heatclinic/hot-sauces7ce9.html]
[demo.broadleafcommerce.org/heatclinic/hot-sauces4f9c.html]
[demo.broadleafcommerce.org/heatclinic/hot-sauces633d.html]
[demo.broadleafcommerce.org/heatclinic/hot-saucesb48a.html]
[demo.broadleafcommerce.org/heatclinic/hot-sauces3092.html]
[demo.broadleafcommerce.org/heatclinic/hot-saucesf4c9.html]
[demo.broadleafcommerce.org/heatclinic/hot-sauces5648.html]
[demo.broadleafcommerce.org/heatclinic/hot-sauces0a4e.html]
[demo.broadleafcommerce.org/heatclinic/hot-saucesec31.html]
[demo.broadleafcommerce.org/heatclinic/hot-saucesee10.html]
[demo.broadleafcommerce.org/heatclinic/hot-sauces2498.html]
[demo.broadleafcommerce.org/heatclinic/hot-sauces773b.html]
[demo.broadleafcommerce.org/heatclinic/hot-sauces67ea.html]
[demo.broadleafcommerce.org/heatclinic/hot-sauces47d7.html]
[demo.broadleafcommerce.org/heatclinic/hot-sauces9df4.html]
[demo.broadleafcommerce.org/heatclinic/hot-sauces6972.html]
[demo.broadleafcommerce.org/heatclinic/hot-sauces4fe8.html]
[demo.broadleafcommerce.org/heatclinic/hot-sauces528d.html]
[demo.broadleafcommerce.org/heatclinic/hot-saucesa07e.html]
[demo.broadleafcommerce.org/heatclinic/hot-sauces808a.html]
[demo.broadleafcommerce.org/heatclinic/hot-sauces1d58.html]
[demo.broadleafcommerce.org/heatclinic/hot-saucesf8ae.html]
[demo.broadleafcommerce.org/heatclinic/hot-sauces101b.html]
[demo.broadleafcommerce.org/heatclinic/hot-sauces532b.html]
[demo.broadleafcommerce.org/heatclinic/hot-sauces649e.html]
[demo.broadleafcommerce.org/heatclinic/hot-sauces2222.html]
[demo.broadleafcommerce.org/heatclinic/hot-saucese9a5-2.html]
[demo.broadleafcommerce.org/heatclinic/hot-saucesee2f.html]
[demo.broadleafcommerce.org/heatclinic/hot-sauces2d7e.html]
[demo.broadleafcommerce.org/heatclinic/hot-sauces1dde.html]
[demo.broadleafcommerce.org/heatclinic/hot-sauces15b2.html]
[demo.broadleafcommerce.org/heatclinic/hot-saucesf9f0.html]
[demo.broadleafcommerce.org/heatclinic/hot-sauces5bea.html]
[demo.broadleafcommerce.org/heatclinic/hot-saucesfb7d.html]
[demo.broadleafcommerce.org/heatclinic/hot-saucesee8d.html]
[demo.broadleafcommerce.org/heatclinic/hot-sauces297c.html]
[demo.broadleafcommerce.org/heatclinic/hot-sauces7cfb.html]
[demo.broadleafcommerce.org/heatclinic/hot-sauces6638.html]
[demo.broadleafcommerce.org/heatclinic/hot-saucescf32.html]
[demo.broadleafcommerce.org/heatclinic/hot-sauces4587.html]
[demo.broadleafcommerce.org/heatclinic/hot-sauces0da2.html]
[demo.broadleafcommerce.org/heatclinic/hot-sauces06f9.html]
[demo.broadleafcommerce.org/heatclinic/hot-sauces62e2.html]
[demo.broadleafcommerce.org/heatclinic/hot-saucesca4e.html]
[demo.broadleafcommerce.org/heatclinic/hot-sauces6776.html]
[demo.broadleafcommerce.org/heatclinic/hot-sauces0c1a.html]
[demo.broadleafcommerce.org/heatclinic/hot-sauces2b11.html]
[demo.broadleafcommerce.org/heatclinic/hot-saucesbfca.html]
[demo.broadleafcommerce.org/heatclinic/hot-sauces0042.html]
[demo.broadleafcommerce.org/heatclinic/hot-saucesba7d.html]
[demo.broadleafcommerce.org/heatclinic/hot-sauces3780.html]
[demo.broadleafcommerce.org/heatclinic/hot-saucesb50e.html]
[demo.broadleafcommerce.org/heatclinic/hot-sauces8974.html]
[demo.broadleafcommerce.org/heatclinic/hot-saucesffc7.html]
[demo.broadleafcommerce.org/heatclinic/hot-saucesbc8d.html]
[demo.broadleafcommerce.org/heatclinic/hot-saucescfe3.html]
[demo.broadleafcommerce.org/heatclinic/hot-sauces3e29.html]
[demo.broadleafcommerce.org/heatclinic/hot-saucesf8a7.html]
[demo.broadleafcommerce.org/heatclinic/hot-saucesf20c.html]
[demo.broadleafcommerce.org/heatclinic/hot-saucesa057.html]
[demo.broadleafcommerce.org/heatclinic/hot-saucesef9a.html]
[demo.broadleafcommerce.org/heatclinic/hot-sauces4562.html]
[demo.broadleafcommerce.org/heatclinic/hot-sauces7631.html]
[demo.broadleafcommerce.org/heatclinic/hot-sauces3c07.html]
[demo.broadleafcommerce.org/heatclinic/hot-sauces2a8e.html]
[demo.broadleafcommerce.org/heatclinic/hot-sauces52ea.html]
[demo.broadleafcommerce.org/heatclinic/hot-saucesf2c7.html]
[demo.broadleafcommerce.org/heatclinic/hot-sauces8472.html]
[demo.broadleafcommerce.org/heatclinic/hot-sauces2e9f.html]
[demo.broadleafcommerce.org/heatclinic/hot-saucese670.html]
[demo.broadleafcommerce.org/heatclinic/hot-sauces8a6e.html]
[demo.broadleafcommerce.org/heatclinic/hot-sauces2c09.html]
[demo.broadleafcommerce.org/heatclinic/hot-sauces8425.html]
[demo.broadleafcommerce.org/heatclinic/hot-saucesba1f.html]
[demo.broadleafcommerce.org/heatclinic/hot-sauces07f5.html]
[demo.broadleafcommerce.org/heatclinic/hot-sauces0f87.html]
[demo.broadleafcommerce.org/heatclinic/hot-sauces54dd.html]
[demo.broadleafcommerce.org/heatclinic/hot-sauces0a8b.html]
[demo.broadleafcommerce.org/heatclinic/hot-saucesbb8d.html]
[demo.broadleafcommerce.org/heatclinic/hot-sauces59c8.html]
[demo.broadleafcommerce.org/heatclinic/hot-saucesd98b.html]
[demo.broadleafcommerce.org/heatclinic/hot-sauces3529.html]
[demo.broadleafcommerce.org/heatclinic/hot-sauces8c88.html]
[demo.broadleafcommerce.org/heatclinic/hot-sauces1c2e.html]
[demo.broadleafcommerce.org/heatclinic/hot-sauces9323.html]
[demo.broadleafcommerce.org/heatclinic/hot-sauces9c7a.html]
[demo.broadleafcommerce.org/heatclinic/hot-sauces8c80.html]
[demo.broadleafcommerce.org/heatclinic/hot-saucesd5d6.html]
[demo.broadleafcommerce.org/heatclinic/hot-sauces0173.html]
[demo.broadleafcommerce.org/heatclinic/hot-sauces9552.html]
[demo.broadleafcommerce.org/heatclinic/hot-sauces0747.html]
[demo.broadleafcommerce.org/heatclinic/hot-sauces4a11.html]
[demo.broadleafcommerce.org/heatclinic/hot-saucesd0e7.html]
[demo.broadleafcommerce.org/heatclinic/hot-sauces804f.html]
[demo.broadleafcommerce.org/heatclinic/hot-sauces0bf2.html]
[demo.broadleafcommerce.org/heatclinic/hot-saucesc9b3.html]
[demo.broadleafcommerce.org/heatclinic/hot-sauces2218.html]
[demo.broadleafcommerce.org/heatclinic/hot-sauces21f1.html]
[demo.broadleafcommerce.org/heatclinic/hot-saucesc181.html]
[demo.broadleafcommerce.org/heatclinic/hot-sauces5efd.html]
[demo.broadleafcommerce.org/heatclinic/hot-sauces6ce5.html]
[demo.broadleafcommerce.org/heatclinic/hot-saucesd117.html]
[demo.broadleafcommerce.org/heatclinic/hot-sauces8b3e.html]
[demo.broadleafcommerce.org/heatclinic/hot-saucesf51f.html]
[demo.broadleafcommerce.org/heatclinic/hot-sauces09f9.html]
[demo.broadleafcommerce.org/heatclinic/hot-sauces45e3.html]
[demo.broadleafcommerce.org/heatclinic/hot-sauces9483.html]
[demo.broadleafcommerce.org/heatclinic/hot-sauces3d47.html]
[demo.broadleafcommerce.org/heatclinic/hot-sauces5f2e.html]
[demo.broadleafcommerce.org/heatclinic/hot-sauces424d.html]
[demo.broadleafcommerce.org/heatclinic/hot-saucese483.html]
[demo.broadleafcommerce.org/heatclinic/hot-saucesf389.html]
[demo.broadleafcommerce.org/heatclinic/hot-sauces3c75.html]
[demo.broadleafcommerce.org/heatclinic/hot-saucesd7a0.html]
[demo.broadleafcommerce.org/heatclinic/hot-saucesb680.html]
[demo.broadleafcommerce.org/heatclinic/hot-sauces4f9c.html]
[demo.broadleafcommerce.org/heatclinic/hot-sauces3092.html]
[demo.broadleafcommerce.org/heatclinic/hot-sauces5648.html]
[demo.broadleafcommerce.org/heatclinic/hot-sauces2498.html]
[demo.broadleafcommerce.org/heatclinic/hot-sauces9df4.html]
[demo.broadleafcommerce.org/heatclinic/hot-sauces6972.html]
[demo.broadleafcommerce.org/heatclinic/hot-sauces6776.html]
[demo.broadleafcommerce.org/heatclinic/hot-sauces2b11.html]
[demo.broadleafcommerce.org/heatclinic/hot-saucesba7d.html]
[demo.broadleafcommerce.org/heatclinic/hot-sauces8974.html]
[demo.broadleafcommerce.org/heatclinic/hot-saucescfe3.html]
[demo.broadleafcommerce.org/heatclinic/hot-saucesf8a7.html]
[demo.broadleafcommerce.org/heatclinic/hot-saucesa057.html]
[demo.broadleafcommerce.org/heatclinic/hot-sauces4562.html]
[demo.broadleafcommerce.org/heatclinic/hot-sauces2a8e.html]
[demo.broadleafcommerce.org/heatclinic/hot-sauces8472.html]
[demo.broadleafcommerce.org/heatclinic/hot-sauces8425.html]
[demo.broadleafcommerce.org/heatclinic/hot-saucesba1f.html]
[demo.broadleafcommerce.org/heatclinic/hot-sauces54dd.html]
[demo.broadleafcommerce.org/heatclinic/hot-saucesbb8d.html]
